components/office/announcements/CreateAnnouncementForm.tsx(123,11): error TS2322: Type '{ children: Element[]; value: string; onValueChange: (value: string) => void; className: string; }' is not assignable to type 'IntrinsicAttributes & SelectSharedProps & { value?: string | undefined; defaultValue?: string | undefined; onValueChange?(value: string): void; }'.
  Property 'className' does not exist on type 'IntrinsicAttributes & SelectSharedProps & { value?: string | undefined; defaultValue?: string | undefined; onValueChange?(value: string): void; }'.
components/office/announcements/CreateAnnouncementForm.tsx(145,13): error TS2322: Type '{ children: Element[]; value: string; onValueChange: (value: string) => void; className: string; }' is not assignable to type 'IntrinsicAttributes & SelectSharedProps & { value?: string | undefined; defaultValue?: string | undefined; onValueChange?(value: string): void; }'.
  Property 'className' does not exist on type 'IntrinsicAttributes & SelectSharedProps & { value?: string | undefined; defaultValue?: string | undefined; onValueChange?(value: string): void; }'.
components/office/announcements/EditAnnouncementForm.tsx(136,11): error TS2322: Type '{ children: Element[]; value: string; onValueChange: (value: string) => void; className: string; }' is not assignable to type 'IntrinsicAttributes & SelectSharedProps & { value?: string | undefined; defaultValue?: string | undefined; onValueChange?(value: string): void; }'.
  Property 'className' does not exist on type 'IntrinsicAttributes & SelectSharedProps & { value?: string | undefined; defaultValue?: string | undefined; onValueChange?(value: string): void; }'.
components/office/announcements/EditAnnouncementForm.tsx(158,13): error TS2322: Type '{ children: Element[]; value: string; onValueChange: (value: string) => void; className: string; }' is not assignable to type 'IntrinsicAttributes & SelectSharedProps & { value?: string | undefined; defaultValue?: string | undefined; onValueChange?(value: string): void; }'.
  Property 'className' does not exist on type 'IntrinsicAttributes & SelectSharedProps & { value?: string | undefined; defaultValue?: string | undefined; onValueChange?(value: string): void; }'.
components/office/assignments/CreateAssignmentForm.tsx(164,11): error TS2322: Type '{ children: Element[]; value: string; onValueChange: (courseId: string) => Promise<void>; className: string; }' is not assignable to type 'IntrinsicAttributes & SelectSharedProps & { value?: string | undefined; defaultValue?: string | undefined; onValueChange?(value: string): void; }'.
  Property 'className' does not exist on type 'IntrinsicAttributes & SelectSharedProps & { value?: string | undefined; defaultValue?: string | undefined; onValueChange?(value: string): void; }'.
components/office/assignments/CreateAssignmentForm.tsx(186,13): error TS2322: Type '{ children: Element[]; value: string; onValueChange: (moduleId: string) => Promise<void>; className: string; }' is not assignable to type 'IntrinsicAttributes & SelectSharedProps & { value?: string | undefined; defaultValue?: string | undefined; onValueChange?(value: string): void; }'.
  Property 'className' does not exist on type 'IntrinsicAttributes & SelectSharedProps & { value?: string | undefined; defaultValue?: string | undefined; onValueChange?(value: string): void; }'.
components/office/assignments/CreateAssignmentForm.tsx(209,13): error TS2322: Type '{ children: Element[]; value: string; onValueChange: (lessonId: string) => void; className: string; }' is not assignable to type 'IntrinsicAttributes & SelectSharedProps & { value?: string | undefined; defaultValue?: string | undefined; onValueChange?(value: string): void; }'.
  Property 'className' does not exist on type 'IntrinsicAttributes & SelectSharedProps & { value?: string | undefined; defaultValue?: string | undefined; onValueChange?(value: string): void; }'.
components/office/assignments/EditAssignmentForm.tsx(213,11): error TS2322: Type '{ children: Element[]; value: string; onValueChange: (courseId: string) => Promise<void>; className: string; }' is not assignable to type 'IntrinsicAttributes & SelectSharedProps & { value?: string | undefined; defaultValue?: string | undefined; onValueChange?(value: string): void; }'.
  Property 'className' does not exist on type 'IntrinsicAttributes & SelectSharedProps & { value?: string | undefined; defaultValue?: string | undefined; onValueChange?(value: string): void; }'.
components/office/assignments/EditAssignmentForm.tsx(235,13): error TS2322: Type '{ children: Element[]; value: string; onValueChange: (moduleId: string) => Promise<void>; className: string; }' is not assignable to type 'IntrinsicAttributes & SelectSharedProps & { value?: string | undefined; defaultValue?: string | undefined; onValueChange?(value: string): void; }'.
  Property 'className' does not exist on type 'IntrinsicAttributes & SelectSharedProps & { value?: string | undefined; defaultValue?: string | undefined; onValueChange?(value: string): void; }'.
components/office/assignments/EditAssignmentForm.tsx(258,13): error TS2322: Type '{ children: Element[]; value: string; onValueChange: (lessonId: string) => void; className: string; }' is not assignable to type 'IntrinsicAttributes & SelectSharedProps & { value?: string | undefined; defaultValue?: string | undefined; onValueChange?(value: string): void; }'.
  Property 'className' does not exist on type 'IntrinsicAttributes & SelectSharedProps & { value?: string | undefined; defaultValue?: string | undefined; onValueChange?(value: string): void; }'.
components/office/quizzes/CreateQuizForm.tsx(187,11): error TS2322: Type '{ children: Element[]; value: string; onValueChange: (courseId: string) => Promise<void>; className: string; }' is not assignable to type 'IntrinsicAttributes & SelectSharedProps & { value?: string | undefined; defaultValue?: string | undefined; onValueChange?(value: string): void; }'.
  Property 'className' does not exist on type 'IntrinsicAttributes & SelectSharedProps & { value?: string | undefined; defaultValue?: string | undefined; onValueChange?(value: string): void; }'.
components/office/quizzes/CreateQuizForm.tsx(209,13): error TS2322: Type '{ children: Element[]; value: string; onValueChange: (moduleId: string) => Promise<void>; className: string; }' is not assignable to type 'IntrinsicAttributes & SelectSharedProps & { value?: string | undefined; defaultValue?: string | undefined; onValueChange?(value: string): void; }'.
  Property 'className' does not exist on type 'IntrinsicAttributes & SelectSharedProps & { value?: string | undefined; defaultValue?: string | undefined; onValueChange?(value: string): void; }'.
components/office/quizzes/CreateQuizForm.tsx(232,13): error TS2322: Type '{ children: Element[]; value: string; onValueChange: (lessonId: string) => void; className: string; }' is not assignable to type 'IntrinsicAttributes & SelectSharedProps & { value?: string | undefined; defaultValue?: string | undefined; onValueChange?(value: string): void; }'.
  Property 'className' does not exist on type 'IntrinsicAttributes & SelectSharedProps & { value?: string | undefined; defaultValue?: string | undefined; onValueChange?(value: string): void; }'.
components/office/quizzes/CreateQuizForm.tsx(295,11): error TS2322: Type '{ children: Element[]; value: string; onValueChange: (value: string) => void; className: string; }' is not assignable to type 'IntrinsicAttributes & SelectSharedProps & { value?: string | undefined; defaultValue?: string | undefined; onValueChange?(value: string): void; }'.
  Property 'className' does not exist on type 'IntrinsicAttributes & SelectSharedProps & { value?: string | undefined; defaultValue?: string | undefined; onValueChange?(value: string): void; }'.
components/office/support/SupportDetail.tsx(428,19): error TS2322: Type '{ children: Element[]; value: string; onValueChange: Dispatch<SetStateAction<string>>; className: string; }' is not assignable to type 'IntrinsicAttributes & SelectSharedProps & { value?: string | undefined; defaultValue?: string | undefined; onValueChange?(value: string): void; }'.
  Property 'className' does not exist on type 'IntrinsicAttributes & SelectSharedProps & { value?: string | undefined; defaultValue?: string | undefined; onValueChange?(value: string): void; }'.
lib/office/announcements/mutations.ts(143,66): error TS2551: Property 'courseId' does not exist on type '{ title: string; body: string; audience: Audience; course: ObjectId | null | undefined; isActive: boolean; }'. Did you mean 'course'?
lib/office/announcements/mutations.ts(144,45): error TS2551: Property 'courseId' does not exist on type '{ title: string; body: string; audience: Audience; course: ObjectId | null | undefined; isActive: boolean; }'. Did you mean 'course'?
