app/student/quizzes/[quizId]/page.tsx(48,44): error TS2322: Type 'string | null' is not assignable to type 'string | undefined'.
  Type 'null' is not assignable to type 'string | undefined'.
components/office/assignments/EditAssignmentForm.tsx(72,20): error TS2304: Cannot find name 'useMemo'.
components/office/assignments/EditAssignmentForm.tsx(196,30): error TS7006: Parameter 'warning' implicitly has an 'any' type.
components/office/assignments/EditAssignmentForm.tsx(196,39): error TS7006: Parameter 'i' implicitly has an 'any' type.
lib/office/courses/actions.ts(600,7): error TS2322: Type 'Model<IModule, {}, {}, {}, Document<unknown, {}, IModule, {}, DefaultSchemaOptions> & IModule & Required<{ _id: ObjectId; }> & { ...; } & { ...; }, any, IModule>' is not assignable to type 'Model<unknown, {}, {}, {}, Document<unknown, {}, unknown, {}, DefaultSchemaOptions> & { _id: ObjectId; } & { __v: number; } & { id: string; }, any, unknown>'.
  The types of 'schema.static' are incompatible between these types.
    Type '{ <K extends never>(name: K, fn: {}[K]): Schema<IModule, Model<IModule, {}, {}, {}, Document<unknown, {}, IModule, {}, DefaultSchemaOptions> & IModule & Required<...> & { ...; } & { ...; }, any, IModule>, ... 8 more ..., IModule>; (obj: Partial<...> & { ...; }): Schema<...>; (name: string, fn: (this: Model<...>, ......' is not assignable to type '{ <K extends never>(name: K, fn: {}[K]): Schema<unknown, Model<unknown, {}, {}, {}, Document<unknown, {}, unknown, {}, DefaultSchemaOptions> & { _id: ObjectId; } & { __v: number; } & { ...; }, any, unknown>, ... 8 more ..., { ...; } & ... 1 more ... & { ...; }>; (obj: Partial<...> & { ...; }): Schema<...>; (name: st...'.
      Types of parameters 'obj' and 'obj' are incompatible.
        Type 'Partial<{}> & { [name: string]: (this: Model<unknown, {}, {}, {}, Document<unknown, {}, unknown, {}, DefaultSchemaOptions> & { _id: ObjectId; } & { ...; } & { ...; }, any, unknown>, ...args: any[]) => any; }' is not assignable to type 'Partial<{}> & { [name: string]: (this: Model<IModule, {}, {}, {}, Document<unknown, {}, IModule, {}, DefaultSchemaOptions> & IModule & Required<...> & { ...; } & { ...; }, any, IModule>, ...args: any[]) => any; }'.
          Type 'Partial<{}> & { [name: string]: (this: Model<unknown, {}, {}, {}, Document<unknown, {}, unknown, {}, DefaultSchemaOptions> & { _id: ObjectId; } & { ...; } & { ...; }, any, unknown>, ...args: any[]) => any; }' is not assignable to type '{ [name: string]: (this: Model<IModule, {}, {}, {}, Document<unknown, {}, IModule, {}, DefaultSchemaOptions> & IModule & Required<...> & { ...; } & { ...; }, any, IModule>, ...args: any[]) => any; }'.
            'string' index signatures are incompatible.
              Type '(this: Model<unknown, {}, {}, {}, Document<unknown, {}, unknown, {}, DefaultSchemaOptions> & { _id: ObjectId; } & { __v: number; } & { id: string; }, any, unknown>, ...args: any[]) => any' is not assignable to type '(this: Model<IModule, {}, {}, {}, Document<unknown, {}, IModule, {}, DefaultSchemaOptions> & IModule & Required<{ _id: ObjectId; }> & { ...; } & { ...; }, any, IModule>, ...args: any[]) => any'.
                The 'this' types of each signature are incompatible.
                  Type 'Model<IModule, {}, {}, {}, Document<unknown, {}, IModule, {}, DefaultSchemaOptions> & IModule & Required<{ _id: ObjectId; }> & { ...; } & { ...; }, any, IModule>' is not assignable to type 'Model<unknown, {}, {}, {}, Document<unknown, {}, unknown, {}, DefaultSchemaOptions> & { _id: ObjectId; } & { __v: number; } & { id: string; }, any, unknown>'.
                    The types of 'schema.statics' are incompatible between these types.
                      Type '{} & { [name: string]: (this: Model<IModule, {}, {}, {}, Document<unknown, {}, IModule, {}, DefaultSchemaOptions> & IModule & Required<...> & { ...; } & { ...; }, any, IModule>, ...args: any[]) => unknown; }' is not assignable to type '{} & { [name: string]: (this: Model<unknown, {}, {}, {}, Document<unknown, {}, unknown, {}, DefaultSchemaOptions> & { _id: ObjectId; } & { __v: number; } & { id: string; }, any, unknown>, ...args: any[]) => unknown; }'.
                        Type '{} & { [name: string]: (this: Model<IModule, {}, {}, {}, Document<unknown, {}, IModule, {}, DefaultSchemaOptions> & IModule & Required<...> & { ...; } & { ...; }, any, IModule>, ...args: any[]) => unknown; }' is not assignable to type '{ [name: string]: (this: Model<unknown, {}, {}, {}, Document<unknown, {}, unknown, {}, DefaultSchemaOptions> & { _id: ObjectId; } & { __v: number; } & { id: string; }, any, unknown>, ...args: any[]) => unknown; }'.
                          'string' index signatures are incompatible.
                            Type '(this: Model<IModule, {}, {}, {}, Document<unknown, {}, IModule, {}, DefaultSchemaOptions> & IModule & Required<{ _id: ObjectId; }> & { ...; } & { ...; }, any, IModule>, ...args: any[]) => unknown' is not assignable to type '(this: Model<unknown, {}, {}, {}, Document<unknown, {}, unknown, {}, DefaultSchemaOptions> & { _id: ObjectId; } & { __v: number; } & { id: string; }, any, unknown>, ...args: any[]) => unknown'.
                              The 'this' types of each signature are incompatible.
                                Type 'Model<unknown, {}, {}, {}, Document<unknown, {}, unknown, {}, DefaultSchemaOptions> & { _id: ObjectId; } & { __v: number; } & { id: string; }, any, unknown>' is not assignable to type 'Model<IModule, {}, {}, {}, Document<unknown, {}, IModule, {}, DefaultSchemaOptions> & IModule & Required<{ _id: ObjectId; }> & { ...; } & { ...; }, any, IModule>'.
                                  Types of property ''~standard'' are incompatible.
                                    Type 'Props<{ _id: ObjectId; } & { __v: number; }, { _id: ObjectId; } & { __v: number; }>' is not assignable to type 'Props<IModule & Required<{ _id: ObjectId; }> & { __v: number; }, IModule & Required<{ _id: ObjectId; }> & { __v: number; }>'.
                                      Type '{ _id: ObjectId; } & { __v: number; }' is not assignable to type 'IModule & Required<{ _id: ObjectId; }> & { __v: number; }'.
                                        Type '{ _id: ObjectId; } & { __v: number; }' is missing the following properties from type 'IModule': createdAt, updatedAt, course, title, and 2 more.
lib/office/courses/actions.ts(838,7): error TS2322: Type 'Model<ILesson, {}, {}, {}, Document<unknown, {}, ILesson, {}, DefaultSchemaOptions> & ILesson & Required<{ _id: ObjectId; }> & { ...; } & { ...; }, any, ILesson>' is not assignable to type 'Model<unknown, {}, {}, {}, Document<unknown, {}, unknown, {}, DefaultSchemaOptions> & { _id: ObjectId; } & { __v: number; } & { id: string; }, any, unknown>'.
  The types of 'schema.static' are incompatible between these types.
    Type '{ <K extends never>(name: K, fn: {}[K]): Schema<ILesson, Model<ILesson, {}, {}, {}, Document<unknown, {}, ILesson, {}, DefaultSchemaOptions> & ILesson & Required<...> & { ...; } & { ...; }, any, ILesson>, ... 8 more ..., ILesson>; (obj: Partial<...> & { ...; }): Schema<...>; (name: string, fn: (this: Model<...>, ......' is not assignable to type '{ <K extends never>(name: K, fn: {}[K]): Schema<unknown, Model<unknown, {}, {}, {}, Document<unknown, {}, unknown, {}, DefaultSchemaOptions> & { _id: ObjectId; } & { __v: number; } & { ...; }, any, unknown>, ... 8 more ..., { ...; } & ... 1 more ... & { ...; }>; (obj: Partial<...> & { ...; }): Schema<...>; (name: st...'.
      Types of parameters 'obj' and 'obj' are incompatible.
        Type 'Partial<{}> & { [name: string]: (this: Model<unknown, {}, {}, {}, Document<unknown, {}, unknown, {}, DefaultSchemaOptions> & { _id: ObjectId; } & { ...; } & { ...; }, any, unknown>, ...args: any[]) => any; }' is not assignable to type 'Partial<{}> & { [name: string]: (this: Model<ILesson, {}, {}, {}, Document<unknown, {}, ILesson, {}, DefaultSchemaOptions> & ILesson & Required<...> & { ...; } & { ...; }, any, ILesson>, ...args: any[]) => any; }'.
          Type 'Partial<{}> & { [name: string]: (this: Model<unknown, {}, {}, {}, Document<unknown, {}, unknown, {}, DefaultSchemaOptions> & { _id: ObjectId; } & { ...; } & { ...; }, any, unknown>, ...args: any[]) => any; }' is not assignable to type '{ [name: string]: (this: Model<ILesson, {}, {}, {}, Document<unknown, {}, ILesson, {}, DefaultSchemaOptions> & ILesson & Required<...> & { ...; } & { ...; }, any, ILesson>, ...args: any[]) => any; }'.
            'string' index signatures are incompatible.
              Type '(this: Model<unknown, {}, {}, {}, Document<unknown, {}, unknown, {}, DefaultSchemaOptions> & { _id: ObjectId; } & { __v: number; } & { id: string; }, any, unknown>, ...args: any[]) => any' is not assignable to type '(this: Model<ILesson, {}, {}, {}, Document<unknown, {}, ILesson, {}, DefaultSchemaOptions> & ILesson & Required<{ _id: ObjectId; }> & { ...; } & { ...; }, any, ILesson>, ...args: any[]) => any'.
                The 'this' types of each signature are incompatible.
                  Type 'Model<ILesson, {}, {}, {}, Document<unknown, {}, ILesson, {}, DefaultSchemaOptions> & ILesson & Required<{ _id: ObjectId; }> & { ...; } & { ...; }, any, ILesson>' is not assignable to type 'Model<unknown, {}, {}, {}, Document<unknown, {}, unknown, {}, DefaultSchemaOptions> & { _id: ObjectId; } & { __v: number; } & { id: string; }, any, unknown>'.
                    The types of 'schema.statics' are incompatible between these types.
                      Type '{} & { [name: string]: (this: Model<ILesson, {}, {}, {}, Document<unknown, {}, ILesson, {}, DefaultSchemaOptions> & ILesson & Required<...> & { ...; } & { ...; }, any, ILesson>, ...args: any[]) => unknown; }' is not assignable to type '{} & { [name: string]: (this: Model<unknown, {}, {}, {}, Document<unknown, {}, unknown, {}, DefaultSchemaOptions> & { _id: ObjectId; } & { __v: number; } & { id: string; }, any, unknown>, ...args: any[]) => unknown; }'.
                        Type '{} & { [name: string]: (this: Model<ILesson, {}, {}, {}, Document<unknown, {}, ILesson, {}, DefaultSchemaOptions> & ILesson & Required<...> & { ...; } & { ...; }, any, ILesson>, ...args: any[]) => unknown; }' is not assignable to type '{ [name: string]: (this: Model<unknown, {}, {}, {}, Document<unknown, {}, unknown, {}, DefaultSchemaOptions> & { _id: ObjectId; } & { __v: number; } & { id: string; }, any, unknown>, ...args: any[]) => unknown; }'.
                          'string' index signatures are incompatible.
                            Type '(this: Model<ILesson, {}, {}, {}, Document<unknown, {}, ILesson, {}, DefaultSchemaOptions> & ILesson & Required<{ _id: ObjectId; }> & { ...; } & { ...; }, any, ILesson>, ...args: any[]) => unknown' is not assignable to type '(this: Model<unknown, {}, {}, {}, Document<unknown, {}, unknown, {}, DefaultSchemaOptions> & { _id: ObjectId; } & { __v: number; } & { id: string; }, any, unknown>, ...args: any[]) => unknown'.
                              The 'this' types of each signature are incompatible.
                                Type 'Model<unknown, {}, {}, {}, Document<unknown, {}, unknown, {}, DefaultSchemaOptions> & { _id: ObjectId; } & { __v: number; } & { id: string; }, any, unknown>' is not assignable to type 'Model<ILesson, {}, {}, {}, Document<unknown, {}, ILesson, {}, DefaultSchemaOptions> & ILesson & Required<{ _id: ObjectId; }> & { ...; } & { ...; }, any, ILesson>'.
                                  Types of property ''~standard'' are incompatible.
                                    Type 'Props<{ _id: ObjectId; } & { __v: number; }, { _id: ObjectId; } & { __v: number; }>' is not assignable to type 'Props<ILesson & Required<{ _id: ObjectId; }> & { __v: number; }, ILesson & Required<{ _id: ObjectId; }> & { __v: number; }>'.
                                      Type '{ _id: ObjectId; } & { __v: number; }' is not assignable to type 'ILesson & Required<{ _id: ObjectId; }> & { __v: number; }'.
                                        Type '{ _id: ObjectId; } & { __v: number; }' is missing the following properties from type 'ILesson': createdAt, updatedAt, course, module, and 5 more.
lib/office/courses/actions.ts(928,7): error TS2322: Type 'Model<IResource, {}, {}, {}, Document<unknown, {}, IResource, {}, DefaultSchemaOptions> & IResource & Required<{ _id: ObjectId; }> & { ...; } & { ...; }, any, IResource>' is not assignable to type 'Model<unknown, {}, {}, {}, Document<unknown, {}, unknown, {}, DefaultSchemaOptions> & { _id: ObjectId; } & { __v: number; } & { id: string; }, any, unknown>'.
  The types of 'schema.static' are incompatible between these types.
    Type '{ <K extends never>(name: K, fn: {}[K]): Schema<IResource, Model<IResource, {}, {}, {}, Document<unknown, {}, IResource, {}, DefaultSchemaOptions> & IResource & Required<...> & { ...; } & { ...; }, any, IResource>, ... 8 more ..., IResource>; (obj: Partial<...> & { ...; }): Schema<...>; (name: string, fn: (this: Mod...' is not assignable to type '{ <K extends never>(name: K, fn: {}[K]): Schema<unknown, Model<unknown, {}, {}, {}, Document<unknown, {}, unknown, {}, DefaultSchemaOptions> & { _id: ObjectId; } & { __v: number; } & { ...; }, any, unknown>, ... 8 more ..., { ...; } & ... 1 more ... & { ...; }>; (obj: Partial<...> & { ...; }): Schema<...>; (name: st...'.
      Types of parameters 'obj' and 'obj' are incompatible.
        Type 'Partial<{}> & { [name: string]: (this: Model<unknown, {}, {}, {}, Document<unknown, {}, unknown, {}, DefaultSchemaOptions> & { _id: ObjectId; } & { ...; } & { ...; }, any, unknown>, ...args: any[]) => any; }' is not assignable to type 'Partial<{}> & { [name: string]: (this: Model<IResource, {}, {}, {}, Document<unknown, {}, IResource, {}, DefaultSchemaOptions> & IResource & Required<...> & { ...; } & { ...; }, any, IResource>, ...args: any[]) => any; }'.
          Type 'Partial<{}> & { [name: string]: (this: Model<unknown, {}, {}, {}, Document<unknown, {}, unknown, {}, DefaultSchemaOptions> & { _id: ObjectId; } & { ...; } & { ...; }, any, unknown>, ...args: any[]) => any; }' is not assignable to type '{ [name: string]: (this: Model<IResource, {}, {}, {}, Document<unknown, {}, IResource, {}, DefaultSchemaOptions> & IResource & Required<...> & { ...; } & { ...; }, any, IResource>, ...args: any[]) => any; }'.
            'string' index signatures are incompatible.
              Type '(this: Model<unknown, {}, {}, {}, Document<unknown, {}, unknown, {}, DefaultSchemaOptions> & { _id: ObjectId; } & { __v: number; } & { id: string; }, any, unknown>, ...args: any[]) => any' is not assignable to type '(this: Model<IResource, {}, {}, {}, Document<unknown, {}, IResource, {}, DefaultSchemaOptions> & IResource & Required<...> & { ...; } & { ...; }, any, IResource>, ...args: any[]) => any'.
                The 'this' types of each signature are incompatible.
                  Type 'Model<IResource, {}, {}, {}, Document<unknown, {}, IResource, {}, DefaultSchemaOptions> & IResource & Required<{ _id: ObjectId; }> & { ...; } & { ...; }, any, IResource>' is not assignable to type 'Model<unknown, {}, {}, {}, Document<unknown, {}, unknown, {}, DefaultSchemaOptions> & { _id: ObjectId; } & { __v: number; } & { id: string; }, any, unknown>'.
                    The types of 'schema.statics' are incompatible between these types.
                      Type '{} & { [name: string]: (this: Model<IResource, {}, {}, {}, Document<unknown, {}, IResource, {}, DefaultSchemaOptions> & IResource & Required<...> & { ...; } & { ...; }, any, IResource>, ...args: any[]) => unknown; }' is not assignable to type '{} & { [name: string]: (this: Model<unknown, {}, {}, {}, Document<unknown, {}, unknown, {}, DefaultSchemaOptions> & { _id: ObjectId; } & { __v: number; } & { id: string; }, any, unknown>, ...args: any[]) => unknown; }'.
                        Type '{} & { [name: string]: (this: Model<IResource, {}, {}, {}, Document<unknown, {}, IResource, {}, DefaultSchemaOptions> & IResource & Required<...> & { ...; } & { ...; }, any, IResource>, ...args: any[]) => unknown; }' is not assignable to type '{ [name: string]: (this: Model<unknown, {}, {}, {}, Document<unknown, {}, unknown, {}, DefaultSchemaOptions> & { _id: ObjectId; } & { __v: number; } & { id: string; }, any, unknown>, ...args: any[]) => unknown; }'.
                          'string' index signatures are incompatible.
                            Type '(this: Model<IResource, {}, {}, {}, Document<unknown, {}, IResource, {}, DefaultSchemaOptions> & IResource & Required<...> & { ...; } & { ...; }, any, IResource>, ...args: any[]) => unknown' is not assignable to type '(this: Model<unknown, {}, {}, {}, Document<unknown, {}, unknown, {}, DefaultSchemaOptions> & { _id: ObjectId; } & { __v: number; } & { id: string; }, any, unknown>, ...args: any[]) => unknown'.
                              The 'this' types of each signature are incompatible.
                                Type 'Model<unknown, {}, {}, {}, Document<unknown, {}, unknown, {}, DefaultSchemaOptions> & { _id: ObjectId; } & { __v: number; } & { id: string; }, any, unknown>' is not assignable to type 'Model<IResource, {}, {}, {}, Document<unknown, {}, IResource, {}, DefaultSchemaOptions> & IResource & Required<{ _id: ObjectId; }> & { ...; } & { ...; }, any, IResource>'.
                                  Types of property ''~standard'' are incompatible.
                                    Type 'Props<{ _id: ObjectId; } & { __v: number; }, { _id: ObjectId; } & { __v: number; }>' is not assignable to type 'Props<IResource & Required<{ _id: ObjectId; }> & { __v: number; }, IResource & Required<{ _id: ObjectId; }> & { __v: number; }>'.
                                      Type '{ _id: ObjectId; } & { __v: number; }' is not assignable to type 'IResource & Required<{ _id: ObjectId; }> & { __v: number; }'.
                                        Type '{ _id: ObjectId; } & { __v: number; }' is missing the following properties from type 'IResource': createdAt, updatedAt, course, module, and 11 more.
lib/support/queries.ts(47,51): error TS2339: Property 'name' does not exist on type 'ObjectId | { name?: string | null | undefined; }'.
  Property 'name' does not exist on type 'ObjectId'.
